⚠ ./instrumentation.ts:9:31
A Node.js module is loaded ('node:os' at line 9) which is not supported in the Edge Runtime.
    Learn More: https://nextjs.org/docs/messages/node-module-in-edge-runtime
  [90m 7 |[0m   [90m// the runtime default so file reads resolve even when unset.[0m
  [90m 8 |[0m   [36mif[0m (!process.env.[33mZETA_CODING_AGENT_DIR[0m) {
[31m[1m>[0m [90m 9 |[0m     [36mconst[0m { homedir } = [36mawait[0m [36mimport[0m([32m"node:os"[0m);
  [90m   |[0m                               [31m[1m^^^^^^^^^^^^^^^^^[0m
  [90m10 |[0m     [36mconst[0m { join } = [36mawait[0m [36mimport[0m([32m"node:path"[0m);
  [90m11 |[0m     process.env.[33mZETA_CODING_AGENT_DIR[0m = join(homedir(), [32m".zeta"[0m, [32m"agent"[0m);
  [90m12 |[0m   }

Ecmascript file had an error


⚠ ./instrumentation.ts:10:28
A Node.js module is loaded ('node:path' at line 10) which is not supported in the Edge Runtime.
    Learn More: https://nextjs.org/docs/messages/node-module-in-edge-runtime
  [90m 8 |[0m   [36mif[0m (!process.env.[33mZETA_CODING_AGENT_DIR[0m) {
  [90m 9 |[0m     [36mconst[0m { homedir } = [36mawait[0m [36mimport[0m([32m"node:os"[0m);
[31m[1m>[0m [90m10 |[0m     [36mconst[0m { join } = [36mawait[0m [36mimport[0m([32m"node:path"[0m);
  [90m   |[0m                            [31m[1m^^^^^^^^^^^^^^^^^^^[0m
  [90m11 |[0m     process.env.[33mZETA_CODING_AGENT_DIR[0m = join(homedir(), [32m".zeta"[0m, [32m"agent"[0m);
  [90m12 |[0m   }
  [90m13 |[0m

Ecmascript file had an error


⚠ ./instrumentation.ts:9:31
A Node.js module is loaded ('node:os' at line 9) which is not supported in the Edge Runtime.
    Learn More: https://nextjs.org/docs/messages/node-module-in-edge-runtime
  [90m 7 |[0m   [90m// the runtime default so file reads resolve even when unset.[0m
  [90m 8 |[0m   [36mif[0m (!process.env.[33mZETA_CODING_AGENT_DIR[0m) {
[31m[1m>[0m [90m 9 |[0m     [36mconst[0m { homedir } = [36mawait[0m [36mimport[0m([32m"node:os"[0m);
  [90m   |[0m                               [31m[1m^^^^^^^^^^^^^^^^^[0m
  [90m10 |[0m     [36mconst[0m { join } = [36mawait[0m [36mimport[0m([32m"node:path"[0m);
  [90m11 |[0m     process.env.[33mZETA_CODING_AGENT_DIR[0m = join(homedir(), [32m".zeta"[0m, [32m"agent"[0m);
  [90m12 |[0m   }

Ecmascript file had an error


⚠ ./instrumentation.ts:10:28
A Node.js module is loaded ('node:path' at line 10) which is not supported in the Edge Runtime.
    Learn More: https://nextjs.org/docs/messages/node-module-in-edge-runtime
  [90m 8 |[0m   [36mif[0m (!process.env.[33mZETA_CODING_AGENT_DIR[0m) {
  [90m 9 |[0m     [36mconst[0m { homedir } = [36mawait[0m [36mimport[0m([32m"node:os"[0m);
[31m[1m>[0m [90m10 |[0m     [36mconst[0m { join } = [36mawait[0m [36mimport[0m([32m"node:path"[0m);
  [90m   |[0m                            [31m[1m^^^^^^^^^^^^^^^^^^^[0m
  [90m11 |[0m     process.env.[33mZETA_CODING_AGENT_DIR[0m = join(homedir(), [32m".zeta"[0m, [32m"agent"[0m);
  [90m12 |[0m   }
  [90m13 |[0m

Ecmascript file had an error


⚠ Blocked cross-origin request to Next.js dev resource /_next/webpack-hmr from "127.0.0.1".
Cross-origin access to Next.js dev resources is blocked by default for safety.

To allow this host in development, add it to "allowedDevOrigins" in next.config.js and restart the dev server:

// next.config.js
module.exports = {
  allowedDevOrigins: ['127.0.0.1'],
}

Read more: https://nextjs.org/docs/app/api-reference/config/next-config-js/allowedDevOrigins
⚠ Blocked cross-origin request to Next.js dev resource /__nextjs_font/geist-latin.woff2 from "127.0.0.1".
Cross-origin access to Next.js dev resources is blocked by default for safety.

To allow this host in development, add it to "allowedDevOrigins" in next.config.js and restart the dev server:

// next.config.js
module.exports = {
  allowedDevOrigins: ['127.0.0.1'],
}

Read more: https://nextjs.org/docs/app/api-reference/config/next-config-js/allowedDevOrigins
⚠ ./instrumentation.ts:9:31
A Node.js module is loaded ('node:os' at line 9) which is not supported in the Edge Runtime.
    Learn More: https://nextjs.org/docs/messages/node-module-in-edge-runtime
  [90m 7 |[0m   [90m// the runtime default so file reads resolve even when unset.[0m
  [90m 8 |[0m   [36mif[0m (!process.env.[33mZETA_CODING_AGENT_DIR[0m) {
[31m[1m>[0m [90m 9 |[0m     [36mconst[0m { homedir } = [36mawait[0m [36mimport[0m([32m"node:os"[0m);
  [90m   |[0m                               [31m[1m^^^^^^^^^^^^^^^^^[0m
  [90m10 |[0m     [36mconst[0m { join } = [36mawait[0m [36mimport[0m([32m"node:path"[0m);
  [90m11 |[0m     process.env.[33mZETA_CODING_AGENT_DIR[0m = join(homedir(), [32m".zeta"[0m, [32m"agent"[0m);
  [90m12 |[0m   }

Ecmascript file had an error


⚠ ./instrumentation.ts:10:28
A Node.js module is loaded ('node:path' at line 10) which is not supported in the Edge Runtime.
    Learn More: https://nextjs.org/docs/messages/node-module-in-edge-runtime
  [90m 8 |[0m   [36mif[0m (!process.env.[33mZETA_CODING_AGENT_DIR[0m) {
  [90m 9 |[0m     [36mconst[0m { homedir } = [36mawait[0m [36mimport[0m([32m"node:os"[0m);
[31m[1m>[0m [90m10 |[0m     [36mconst[0m { join } = [36mawait[0m [36mimport[0m([32m"node:path"[0m);
  [90m   |[0m                            [31m[1m^^^^^^^^^^^^^^^^^^^[0m
  [90m11 |[0m     process.env.[33mZETA_CODING_AGENT_DIR[0m = join(homedir(), [32m".zeta"[0m, [32m"agent"[0m);
  [90m12 |[0m   }
  [90m13 |[0m

Ecmascript file had an error


⚠ ./instrumentation.ts:9:31
A Node.js module is loaded ('node:os' at line 9) which is not supported in the Edge Runtime.
    Learn More: https://nextjs.org/docs/messages/node-module-in-edge-runtime
  [90m 7 |[0m   [90m// the runtime default so file reads resolve even when unset.[0m
  [90m 8 |[0m   [36mif[0m (!process.env.[33mZETA_CODING_AGENT_DIR[0m) {
[31m[1m>[0m [90m 9 |[0m     [36mconst[0m { homedir } = [36mawait[0m [36mimport[0m([32m"node:os"[0m);
  [90m   |[0m                               [31m[1m^^^^^^^^^^^^^^^^^[0m
  [90m10 |[0m     [36mconst[0m { join } = [36mawait[0m [36mimport[0m([32m"node:path"[0m);
  [90m11 |[0m     process.env.[33mZETA_CODING_AGENT_DIR[0m = join(homedir(), [32m".zeta"[0m, [32m"agent"[0m);
  [90m12 |[0m   }

Ecmascript file had an error


⚠ ./instrumentation.ts:10:28
A Node.js module is loaded ('node:path' at line 10) which is not supported in the Edge Runtime.
    Learn More: https://nextjs.org/docs/messages/node-module-in-edge-runtime
  [90m 8 |[0m   [36mif[0m (!process.env.[33mZETA_CODING_AGENT_DIR[0m) {
  [90m 9 |[0m     [36mconst[0m { homedir } = [36mawait[0m [36mimport[0m([32m"node:os"[0m);
[31m[1m>[0m [90m10 |[0m     [36mconst[0m { join } = [36mawait[0m [36mimport[0m([32m"node:path"[0m);
  [90m   |[0m                            [31m[1m^^^^^^^^^^^^^^^^^^^[0m
  [90m11 |[0m     process.env.[33mZETA_CODING_AGENT_DIR[0m = join(homedir(), [32m".zeta"[0m, [32m"agent"[0m);
  [90m12 |[0m   }
  [90m13 |[0m

Ecmascript file had an error


⚠ ./instrumentation.ts:9:31
A Node.js module is loaded ('node:os' at line 9) which is not supported in the Edge Runtime.
    Learn More: https://nextjs.org/docs/messages/node-module-in-edge-runtime
  [90m 7 |[0m   [90m// the runtime default so file reads resolve even when unset.[0m
  [90m 8 |[0m   [36mif[0m (!process.env.[33mZETA_CODING_AGENT_DIR[0m) {
[31m[1m>[0m [90m 9 |[0m     [36mconst[0m { homedir } = [36mawait[0m [36mimport[0m([32m"node:os"[0m);
  [90m   |[0m                               [31m[1m^^^^^^^^^^^^^^^^^[0m
  [90m10 |[0m     [36mconst[0m { join } = [36mawait[0m [36mimport[0m([32m"node:path"[0m);
  [90m11 |[0m     process.env.[33mZETA_CODING_AGENT_DIR[0m = join(homedir(), [32m".zeta"[0m, [32m"agent"[0m);
  [90m12 |[0m   }

Ecmascript file had an error


⚠ ./instrumentation.ts:10:28
A Node.js module is loaded ('node:path' at line 10) which is not supported in the Edge Runtime.
    Learn More: https://nextjs.org/docs/messages/node-module-in-edge-runtime
  [90m 8 |[0m   [36mif[0m (!process.env.[33mZETA_CODING_AGENT_DIR[0m) {
  [90m 9 |[0m     [36mconst[0m { homedir } = [36mawait[0m [36mimport[0m([32m"node:os"[0m);
[31m[1m>[0m [90m10 |[0m     [36mconst[0m { join } = [36mawait[0m [36mimport[0m([32m"node:path"[0m);
  [90m   |[0m                            [31m[1m^^^^^^^^^^^^^^^^^^^[0m
  [90m11 |[0m     process.env.[33mZETA_CODING_AGENT_DIR[0m = join(homedir(), [32m".zeta"[0m, [32m"agent"[0m);
  [90m12 |[0m   }
  [90m13 |[0m

Ecmascript file had an error


⚠ ./instrumentation.ts:9:31
A Node.js module is loaded ('node:os' at line 9) which is not supported in the Edge Runtime.
    Learn More: https://nextjs.org/docs/messages/node-module-in-edge-runtime
  [90m 7 |[0m   [90m// the runtime default so file reads resolve even when unset.[0m
  [90m 8 |[0m   [36mif[0m (!process.env.[33mZETA_CODING_AGENT_DIR[0m) {
[31m[1m>[0m [90m 9 |[0m     [36mconst[0m { homedir } = [36mawait[0m [36mimport[0m([32m"node:os"[0m);
  [90m   |[0m                               [31m[1m^^^^^^^^^^^^^^^^^[0m
  [90m10 |[0m     [36mconst[0m { join } = [36mawait[0m [36mimport[0m([32m"node:path"[0m);
  [90m11 |[0m     process.env.[33mZETA_CODING_AGENT_DIR[0m = join(homedir(), [32m".zeta"[0m, [32m"agent"[0m);
  [90m12 |[0m   }

Ecmascript file had an error


⚠ ./instrumentation.ts:10:28
A Node.js module is loaded ('node:path' at line 10) which is not supported in the Edge Runtime.
    Learn More: https://nextjs.org/docs/messages/node-module-in-edge-runtime
  [90m 8 |[0m   [36mif[0m (!process.env.[33mZETA_CODING_AGENT_DIR[0m) {
  [90m 9 |[0m     [36mconst[0m { homedir } = [36mawait[0m [36mimport[0m([32m"node:os"[0m);
[31m[1m>[0m [90m10 |[0m     [36mconst[0m { join } = [36mawait[0m [36mimport[0m([32m"node:path"[0m);
  [90m   |[0m                            [31m[1m^^^^^^^^^^^^^^^^^^^[0m
  [90m11 |[0m     process.env.[33mZETA_CODING_AGENT_DIR[0m = join(homedir(), [32m".zeta"[0m, [32m"agent"[0m);
  [90m12 |[0m   }
  [90m13 |[0m

Ecmascript file had an error


⚠ ./instrumentation.ts:9:31
A Node.js module is loaded ('node:os' at line 9) which is not supported in the Edge Runtime.
    Learn More: https://nextjs.org/docs/messages/node-module-in-edge-runtime
  [90m 7 |[0m   [90m// the runtime default so file reads resolve even when unset.[0m
  [90m 8 |[0m   [36mif[0m (!process.env.[33mZETA_CODING_AGENT_DIR[0m) {
[31m[1m>[0m [90m 9 |[0m     [36mconst[0m { homedir } = [36mawait[0m [36mimport[0m([32m"node:os"[0m);
  [90m   |[0m                               [31m[1m^^^^^^^^^^^^^^^^^[0m
  [90m10 |[0m     [36mconst[0m { join } = [36mawait[0m [36mimport[0m([32m"node:path"[0m);
  [90m11 |[0m     process.env.[33mZETA_CODING_AGENT_DIR[0m = join(homedir(), [32m".zeta"[0m, [32m"agent"[0m);
  [90m12 |[0m   }

Ecmascript file had an error


⚠ ./instrumentation.ts:10:28
A Node.js module is loaded ('node:path' at line 10) which is not supported in the Edge Runtime.
    Learn More: https://nextjs.org/docs/messages/node-module-in-edge-runtime
  [90m 8 |[0m   [36mif[0m (!process.env.[33mZETA_CODING_AGENT_DIR[0m) {
  [90m 9 |[0m     [36mconst[0m { homedir } = [36mawait[0m [36mimport[0m([32m"node:os"[0m);
[31m[1m>[0m [90m10 |[0m     [36mconst[0m { join } = [36mawait[0m [36mimport[0m([32m"node:path"[0m);
  [90m   |[0m                            [31m[1m^^^^^^^^^^^^^^^^^^^[0m
  [90m11 |[0m     process.env.[33mZETA_CODING_AGENT_DIR[0m = join(homedir(), [32m".zeta"[0m, [32m"agent"[0m);
  [90m12 |[0m   }
  [90m13 |[0m

Ecmascript file had an error


⚠ ./instrumentation.ts:9:31
A Node.js module is loaded ('node:os' at line 9) which is not supported in the Edge Runtime.
    Learn More: https://nextjs.org/docs/messages/node-module-in-edge-runtime
  [90m 7 |[0m   [90m// the runtime default so file reads resolve even when unset.[0m
  [90m 8 |[0m   [36mif[0m (!process.env.[33mZETA_CODING_AGENT_DIR[0m) {
[31m[1m>[0m [90m 9 |[0m     [36mconst[0m { homedir } = [36mawait[0m [36mimport[0m([32m"node:os"[0m);
  [90m   |[0m                               [31m[1m^^^^^^^^^^^^^^^^^[0m
  [90m10 |[0m     [36mconst[0m { join } = [36mawait[0m [36mimport[0m([32m"node:path"[0m);
  [90m11 |[0m     process.env.[33mZETA_CODING_AGENT_DIR[0m = join(homedir(), [32m".zeta"[0m, [32m"agent"[0m);
  [90m12 |[0m   }

Ecmascript file had an error


⚠ ./instrumentation.ts:10:28
A Node.js module is loaded ('node:path' at line 10) which is not supported in the Edge Runtime.
    Learn More: https://nextjs.org/docs/messages/node-module-in-edge-runtime
  [90m 8 |[0m   [36mif[0m (!process.env.[33mZETA_CODING_AGENT_DIR[0m) {
  [90m 9 |[0m     [36mconst[0m { homedir } = [36mawait[0m [36mimport[0m([32m"node:os"[0m);
[31m[1m>[0m [90m10 |[0m     [36mconst[0m { join } = [36mawait[0m [36mimport[0m([32m"node:path"[0m);
  [90m   |[0m                            [31m[1m^^^^^^^^^^^^^^^^^^^[0m
  [90m11 |[0m     process.env.[33mZETA_CODING_AGENT_DIR[0m = join(homedir(), [32m".zeta"[0m, [32m"agent"[0m);
  [90m12 |[0m   }
  [90m13 |[0m

Ecmascript file had an error


⚠ ./instrumentation.ts:9:31
A Node.js module is loaded ('node:os' at line 9) which is not supported in the Edge Runtime.
    Learn More: https://nextjs.org/docs/messages/node-module-in-edge-runtime
  [90m 7 |[0m   [90m// the runtime default so file reads resolve even when unset.[0m
  [90m 8 |[0m   [36mif[0m (!process.env.[33mZETA_CODING_AGENT_DIR[0m) {
[31m[1m>[0m [90m 9 |[0m     [36mconst[0m { homedir } = [36mawait[0m [36mimport[0m([32m"node:os"[0m);
  [90m   |[0m                               [31m[1m^^^^^^^^^^^^^^^^^[0m
  [90m10 |[0m     [36mconst[0m { join } = [36mawait[0m [36mimport[0m([32m"node:path"[0m);
  [90m11 |[0m     process.env.[33mZETA_CODING_AGENT_DIR[0m = join(homedir(), [32m".zeta"[0m, [32m"agent"[0m);
  [90m12 |[0m   }

Ecmascript file had an error


⚠ ./instrumentation.ts:10:28
A Node.js module is loaded ('node:path' at line 10) which is not supported in the Edge Runtime.
    Learn More: https://nextjs.org/docs/messages/node-module-in-edge-runtime
  [90m 8 |[0m   [36mif[0m (!process.env.[33mZETA_CODING_AGENT_DIR[0m) {
  [90m 9 |[0m     [36mconst[0m { homedir } = [36mawait[0m [36mimport[0m([32m"node:os"[0m);
[31m[1m>[0m [90m10 |[0m     [36mconst[0m { join } = [36mawait[0m [36mimport[0m([32m"node:path"[0m);
  [90m   |[0m                            [31m[1m^^^^^^^^^^^^^^^^^^^[0m
  [90m11 |[0m     process.env.[33mZETA_CODING_AGENT_DIR[0m = join(homedir(), [32m".zeta"[0m, [32m"agent"[0m);
  [90m12 |[0m   }
  [90m13 |[0m

Ecmascript file had an error


⚠ ./instrumentation.ts:9:31
A Node.js module is loaded ('node:os' at line 9) which is not supported in the Edge Runtime.
    Learn More: https://nextjs.org/docs/messages/node-module-in-edge-runtime
  [90m 7 |[0m   [90m// the runtime default so file reads resolve even when unset.[0m
  [90m 8 |[0m   [36mif[0m (!process.env.[33mZETA_CODING_AGENT_DIR[0m) {
[31m[1m>[0m [90m 9 |[0m     [36mconst[0m { homedir } = [36mawait[0m [36mimport[0m([32m"node:os"[0m);
  [90m   |[0m                               [31m[1m^^^^^^^^^^^^^^^^^[0m
  [90m10 |[0m     [36mconst[0m { join } = [36mawait[0m [36mimport[0m([32m"node:path"[0m);
  [90m11 |[0m     process.env.[33mZETA_CODING_AGENT_DIR[0m = join(homedir(), [32m".zeta"[0m, [32m"agent"[0m);
  [90m12 |[0m   }

Ecmascript file had an error


⚠ ./instrumentation.ts:10:28
A Node.js module is loaded ('node:path' at line 10) which is not supported in the Edge Runtime.
    Learn More: https://nextjs.org/docs/messages/node-module-in-edge-runtime
  [90m 8 |[0m   [36mif[0m (!process.env.[33mZETA_CODING_AGENT_DIR[0m) {
  [90m 9 |[0m     [36mconst[0m { homedir } = [36mawait[0m [36mimport[0m([32m"node:os"[0m);
[31m[1m>[0m [90m10 |[0m     [36mconst[0m { join } = [36mawait[0m [36mimport[0m([32m"node:path"[0m);
  [90m   |[0m                            [31m[1m^^^^^^^^^^^^^^^^^^^[0m
  [90m11 |[0m     process.env.[33mZETA_CODING_AGENT_DIR[0m = join(homedir(), [32m".zeta"[0m, [32m"agent"[0m);
  [90m12 |[0m   }
  [90m13 |[0m

Ecmascript file had an error


⚠ ./instrumentation.ts:9:31
A Node.js module is loaded ('node:os' at line 9) which is not supported in the Edge Runtime.
    Learn More: https://nextjs.org/docs/messages/node-module-in-edge-runtime
  [90m 7 |[0m   [90m// the runtime default so file reads resolve even when unset.[0m
  [90m 8 |[0m   [36mif[0m (!process.env.[33mZETA_CODING_AGENT_DIR[0m) {
[31m[1m>[0m [90m 9 |[0m     [36mconst[0m { homedir } = [36mawait[0m [36mimport[0m([32m"node:os"[0m);
  [90m   |[0m                               [31m[1m^^^^^^^^^^^^^^^^^[0m
  [90m10 |[0m     [36mconst[0m { join } = [36mawait[0m [36mimport[0m([32m"node:path"[0m);
  [90m11 |[0m     process.env.[33mZETA_CODING_AGENT_DIR[0m = join(homedir(), [32m".zeta"[0m, [32m"agent"[0m);
  [90m12 |[0m   }

Ecmascript file had an error


⚠ ./instrumentation.ts:10:28
A Node.js module is loaded ('node:path' at line 10) which is not supported in the Edge Runtime.
    Learn More: https://nextjs.org/docs/messages/node-module-in-edge-runtime
  [90m 8 |[0m   [36mif[0m (!process.env.[33mZETA_CODING_AGENT_DIR[0m) {
  [90m 9 |[0m     [36mconst[0m { homedir } = [36mawait[0m [36mimport[0m([32m"node:os"[0m);
[31m[1m>[0m [90m10 |[0m     [36mconst[0m { join } = [36mawait[0m [36mimport[0m([32m"node:path"[0m);
  [90m   |[0m                            [31m[1m^^^^^^^^^^^^^^^^^^^[0m
  [90m11 |[0m     process.env.[33mZETA_CODING_AGENT_DIR[0m = join(homedir(), [32m".zeta"[0m, [32m"agent"[0m);
  [90m12 |[0m   }
  [90m13 |[0m

Ecmascript file had an error


⚠ ./instrumentation.ts:9:31
A Node.js module is loaded ('node:os' at line 9) which is not supported in the Edge Runtime.
    Learn More: https://nextjs.org/docs/messages/node-module-in-edge-runtime
  [90m 7 |[0m   [90m// the runtime default so file reads resolve even when unset.[0m
  [90m 8 |[0m   [36mif[0m (!process.env.[33mZETA_CODING_AGENT_DIR[0m) {
[31m[1m>[0m [90m 9 |[0m     [36mconst[0m { homedir } = [36mawait[0m [36mimport[0m([32m"node:os"[0m);
  [90m   |[0m                               [31m[1m^^^^^^^^^^^^^^^^^[0m
  [90m10 |[0m     [36mconst[0m { join } = [36mawait[0m [36mimport[0m([32m"node:path"[0m);
  [90m11 |[0m     process.env.[33mZETA_CODING_AGENT_DIR[0m = join(homedir(), [32m".zeta"[0m, [32m"agent"[0m);
  [90m12 |[0m   }

Ecmascript file had an error


⚠ ./instrumentation.ts:10:28
A Node.js module is loaded ('node:path' at line 10) which is not supported in the Edge Runtime.
    Learn More: https://nextjs.org/docs/messages/node-module-in-edge-runtime
  [90m 8 |[0m   [36mif[0m (!process.env.[33mZETA_CODING_AGENT_DIR[0m) {
  [90m 9 |[0m     [36mconst[0m { homedir } = [36mawait[0m [36mimport[0m([32m"node:os"[0m);
[31m[1m>[0m [90m10 |[0m     [36mconst[0m { join } = [36mawait[0m [36mimport[0m([32m"node:path"[0m);
  [90m   |[0m                            [31m[1m^^^^^^^^^^^^^^^^^^^[0m
  [90m11 |[0m     process.env.[33mZETA_CODING_AGENT_DIR[0m = join(homedir(), [32m".zeta"[0m, [32m"agent"[0m);
  [90m12 |[0m   }
  [90m13 |[0m

Ecmascript file had an error


⚠ ./instrumentation.ts:9:31
A Node.js module is loaded ('node:os' at line 9) which is not supported in the Edge Runtime.
    Learn More: https://nextjs.org/docs/messages/node-module-in-edge-runtime
  [90m 7 |[0m   [90m// the runtime default so file reads resolve even when unset.[0m
  [90m 8 |[0m   [36mif[0m (!process.env.[33mZETA_CODING_AGENT_DIR[0m) {
[31m[1m>[0m [90m 9 |[0m     [36mconst[0m { homedir } = [36mawait[0m [36mimport[0m([32m"node:os"[0m);
  [90m   |[0m                               [31m[1m^^^^^^^^^^^^^^^^^[0m
  [90m10 |[0m     [36mconst[0m { join } = [36mawait[0m [36mimport[0m([32m"node:path"[0m);
  [90m11 |[0m     process.env.[33mZETA_CODING_AGENT_DIR[0m = join(homedir(), [32m".zeta"[0m, [32m"agent"[0m);
  [90m12 |[0m   }

Ecmascript file had an error


⚠ ./instrumentation.ts:10:28
A Node.js module is loaded ('node:path' at line 10) which is not supported in the Edge Runtime.
    Learn More: https://nextjs.org/docs/messages/node-module-in-edge-runtime
  [90m 8 |[0m   [36mif[0m (!process.env.[33mZETA_CODING_AGENT_DIR[0m) {
  [90m 9 |[0m     [36mconst[0m { homedir } = [36mawait[0m [36mimport[0m([32m"node:os"[0m);
[31m[1m>[0m [90m10 |[0m     [36mconst[0m { join } = [36mawait[0m [36mimport[0m([32m"node:path"[0m);
  [90m   |[0m                            [31m[1m^^^^^^^^^^^^^^^^^^^[0m
  [90m11 |[0m     process.env.[33mZETA_CODING_AGENT_DIR[0m = join(homedir(), [32m".zeta"[0m, [32m"agent"[0m);
  [90m12 |[0m   }
  [90m13 |[0m

Ecmascript file had an error


⚠ ./instrumentation.ts:9:31
A Node.js module is loaded ('node:os' at line 9) which is not supported in the Edge Runtime.
    Learn More: https://nextjs.org/docs/messages/node-module-in-edge-runtime
  [90m 7 |[0m   [90m// the runtime default so file reads resolve even when unset.[0m
  [90m 8 |[0m   [36mif[0m (!process.env.[33mZETA_CODING_AGENT_DIR[0m) {
[31m[1m>[0m [90m 9 |[0m     [36mconst[0m { homedir } = [36mawait[0m [36mimport[0m([32m"node:os"[0m);
  [90m   |[0m                               [31m[1m^^^^^^^^^^^^^^^^^[0m
  [90m10 |[0m     [36mconst[0m { join } = [36mawait[0m [36mimport[0m([32m"node:path"[0m);
  [90m11 |[0m     process.env.[33mZETA_CODING_AGENT_DIR[0m = join(homedir(), [32m".zeta"[0m, [32m"agent"[0m);
  [90m12 |[0m   }

Ecmascript file had an error


⚠ ./instrumentation.ts:10:28
A Node.js module is loaded ('node:path' at line 10) which is not supported in the Edge Runtime.
    Learn More: https://nextjs.org/docs/messages/node-module-in-edge-runtime
  [90m 8 |[0m   [36mif[0m (!process.env.[33mZETA_CODING_AGENT_DIR[0m) {
  [90m 9 |[0m     [36mconst[0m { homedir } = [36mawait[0m [36mimport[0m([32m"node:os"[0m);
[31m[1m>[0m [90m10 |[0m     [36mconst[0m { join } = [36mawait[0m [36mimport[0m([32m"node:path"[0m);
  [90m   |[0m                            [31m[1m^^^^^^^^^^^^^^^^^^^[0m
  [90m11 |[0m     process.env.[33mZETA_CODING_AGENT_DIR[0m = join(homedir(), [32m".zeta"[0m, [32m"agent"[0m);
  [90m12 |[0m   }
  [90m13 |[0m

Ecmascript file had an error


⚠ ./instrumentation.ts:9:31
A Node.js module is loaded ('node:os' at line 9) which is not supported in the Edge Runtime.
    Learn More: https://nextjs.org/docs/messages/node-module-in-edge-runtime
  [90m 7 |[0m   [90m// the runtime default so file reads resolve even when unset.[0m
  [90m 8 |[0m   [36mif[0m (!process.env.[33mZETA_CODING_AGENT_DIR[0m) {
[31m[1m>[0m [90m 9 |[0m     [36mconst[0m { homedir } = [36mawait[0m [36mimport[0m([32m"node:os"[0m);
  [90m   |[0m                               [31m[1m^^^^^^^^^^^^^^^^^[0m
  [90m10 |[0m     [36mconst[0m { join } = [36mawait[0m [36mimport[0m([32m"node:path"[0m);
  [90m11 |[0m     process.env.[33mZETA_CODING_AGENT_DIR[0m = join(homedir(), [32m".zeta"[0m, [32m"agent"[0m);
  [90m12 |[0m   }

Ecmascript file had an error


⚠ ./instrumentation.ts:10:28
A Node.js module is loaded ('node:path' at line 10) which is not supported in the Edge Runtime.
    Learn More: https://nextjs.org/docs/messages/node-module-in-edge-runtime
  [90m 8 |[0m   [36mif[0m (!process.env.[33mZETA_CODING_AGENT_DIR[0m) {
  [90m 9 |[0m     [36mconst[0m { homedir } = [36mawait[0m [36mimport[0m([32m"node:os"[0m);
[31m[1m>[0m [90m10 |[0m     [36mconst[0m { join } = [36mawait[0m [36mimport[0m([32m"node:path"[0m);
  [90m   |[0m                            [31m[1m^^^^^^^^^^^^^^^^^^^[0m
  [90m11 |[0m     process.env.[33mZETA_CODING_AGENT_DIR[0m = join(homedir(), [32m".zeta"[0m, [32m"agent"[0m);
  [90m12 |[0m   }
  [90m13 |[0m

Ecmascript file had an error


⚠ ./instrumentation.ts:9:31
A Node.js module is loaded ('node:os' at line 9) which is not supported in the Edge Runtime.
    Learn More: https://nextjs.org/docs/messages/node-module-in-edge-runtime
  [90m 7 |[0m   [90m// the runtime default so file reads resolve even when unset.[0m
  [90m 8 |[0m   [36mif[0m (!process.env.[33mZETA_CODING_AGENT_DIR[0m) {
[31m[1m>[0m [90m 9 |[0m     [36mconst[0m { homedir } = [36mawait[0m [36mimport[0m([32m"node:os"[0m);
  [90m   |[0m                               [31m[1m^^^^^^^^^^^^^^^^^[0m
  [90m10 |[0m     [36mconst[0m { join } = [36mawait[0m [36mimport[0m([32m"node:path"[0m);
  [90m11 |[0m     process.env.[33mZETA_CODING_AGENT_DIR[0m = join(homedir(), [32m".zeta"[0m, [32m"agent"[0m);
  [90m12 |[0m   }

Ecmascript file had an error


⚠ ./instrumentation.ts:10:28
A Node.js module is loaded ('node:path' at line 10) which is not supported in the Edge Runtime.
    Learn More: https://nextjs.org/docs/messages/node-module-in-edge-runtime
  [90m 8 |[0m   [36mif[0m (!process.env.[33mZETA_CODING_AGENT_DIR[0m) {
  [90m 9 |[0m     [36mconst[0m { homedir } = [36mawait[0m [36mimport[0m([32m"node:os"[0m);
[31m[1m>[0m [90m10 |[0m     [36mconst[0m { join } = [36mawait[0m [36mimport[0m([32m"node:path"[0m);
  [90m   |[0m                            [31m[1m^^^^^^^^^^^^^^^^^^^[0m
  [90m11 |[0m     process.env.[33mZETA_CODING_AGENT_DIR[0m = join(homedir(), [32m".zeta"[0m, [32m"agent"[0m);
  [90m12 |[0m   }
  [90m13 |[0m

Ecmascript file had an error


⚠ ./instrumentation.ts:9:31
A Node.js module is loaded ('node:os' at line 9) which is not supported in the Edge Runtime.
    Learn More: https://nextjs.org/docs/messages/node-module-in-edge-runtime
  [90m 7 |[0m   [90m// the runtime default so file reads resolve even when unset.[0m
  [90m 8 |[0m   [36mif[0m (!process.env.[33mZETA_CODING_AGENT_DIR[0m) {
[31m[1m>[0m [90m 9 |[0m     [36mconst[0m { homedir } = [36mawait[0m [36mimport[0m([32m"node:os"[0m);
  [90m   |[0m                               [31m[1m^^^^^^^^^^^^^^^^^[0m
  [90m10 |[0m     [36mconst[0m { join } = [36mawait[0m [36mimport[0m([32m"node:path"[0m);
  [90m11 |[0m     process.env.[33mZETA_CODING_AGENT_DIR[0m = join(homedir(), [32m".zeta"[0m, [32m"agent"[0m);
  [90m12 |[0m   }

Ecmascript file had an error


⚠ ./instrumentation.ts:10:28
A Node.js module is loaded ('node:path' at line 10) which is not supported in the Edge Runtime.
    Learn More: https://nextjs.org/docs/messages/node-module-in-edge-runtime
  [90m 8 |[0m   [36mif[0m (!process.env.[33mZETA_CODING_AGENT_DIR[0m) {
  [90m 9 |[0m     [36mconst[0m { homedir } = [36mawait[0m [36mimport[0m([32m"node:os"[0m);
[31m[1m>[0m [90m10 |[0m     [36mconst[0m { join } = [36mawait[0m [36mimport[0m([32m"node:path"[0m);
  [90m   |[0m                            [31m[1m^^^^^^^^^^^^^^^^^^^[0m
  [90m11 |[0m     process.env.[33mZETA_CODING_AGENT_DIR[0m = join(homedir(), [32m".zeta"[0m, [32m"agent"[0m);
  [90m12 |[0m   }
  [90m13 |[0m

Ecmascript file had an error


⚠ ./instrumentation.ts:9:31
A Node.js module is loaded ('node:os' at line 9) which is not supported in the Edge Runtime.
    Learn More: https://nextjs.org/docs/messages/node-module-in-edge-runtime
  [90m 7 |[0m   [90m// the runtime default so file reads resolve even when unset.[0m
  [90m 8 |[0m   [36mif[0m (!process.env.[33mZETA_CODING_AGENT_DIR[0m) {
[31m[1m>[0m [90m 9 |[0m     [36mconst[0m { homedir } = [36mawait[0m [36mimport[0m([32m"node:os"[0m);
  [90m   |[0m                               [31m[1m^^^^^^^^^^^^^^^^^[0m
  [90m10 |[0m     [36mconst[0m { join } = [36mawait[0m [36mimport[0m([32m"node:path"[0m);
  [90m11 |[0m     process.env.[33mZETA_CODING_AGENT_DIR[0m = join(homedir(), [32m".zeta"[0m, [32m"agent"[0m);
  [90m12 |[0m   }

Ecmascript file had an error


⚠ ./instrumentation.ts:10:28
A Node.js module is loaded ('node:path' at line 10) which is not supported in the Edge Runtime.
    Learn More: https://nextjs.org/docs/messages/node-module-in-edge-runtime
  [90m 8 |[0m   [36mif[0m (!process.env.[33mZETA_CODING_AGENT_DIR[0m) {
  [90m 9 |[0m     [36mconst[0m { homedir } = [36mawait[0m [36mimport[0m([32m"node:os"[0m);
[31m[1m>[0m [90m10 |[0m     [36mconst[0m { join } = [36mawait[0m [36mimport[0m([32m"node:path"[0m);
  [90m   |[0m                            [31m[1m^^^^^^^^^^^^^^^^^^^[0m
  [90m11 |[0m     process.env.[33mZETA_CODING_AGENT_DIR[0m = join(homedir(), [32m".zeta"[0m, [32m"agent"[0m);
  [90m12 |[0m   }
  [90m13 |[0m

Ecmascript file had an error


[browser] React does not recognize the `flexShrink` prop on a DOM element. If you intentionally want it to appear in the DOM as a custom attribute, spell it as lowercase `flexshrink` instead. If you accidentally passed it from a parent component, remove it from the DOM element. 
⚠ ./instrumentation.ts:9:31
A Node.js module is loaded ('node:os' at line 9) which is not supported in the Edge Runtime.
    Learn More: https://nextjs.org/docs/messages/node-module-in-edge-runtime
  [90m 7 |[0m   [90m// the runtime default so file reads resolve even when unset.[0m
  [90m 8 |[0m   [36mif[0m (!process.env.[33mZETA_CODING_AGENT_DIR[0m) {
[31m[1m>[0m [90m 9 |[0m     [36mconst[0m { homedir } = [36mawait[0m [36mimport[0m([32m"node:os"[0m);
  [90m   |[0m                               [31m[1m^^^^^^^^^^^^^^^^^[0m
  [90m10 |[0m     [36mconst[0m { join } = [36mawait[0m [36mimport[0m([32m"node:path"[0m);
  [90m11 |[0m     process.env.[33mZETA_CODING_AGENT_DIR[0m = join(homedir(), [32m".zeta"[0m, [32m"agent"[0m);
  [90m12 |[0m   }

Ecmascript file had an error


⚠ ./instrumentation.ts:10:28
A Node.js module is loaded ('node:path' at line 10) which is not supported in the Edge Runtime.
    Learn More: https://nextjs.org/docs/messages/node-module-in-edge-runtime
  [90m 8 |[0m   [36mif[0m (!process.env.[33mZETA_CODING_AGENT_DIR[0m) {
  [90m 9 |[0m     [36mconst[0m { homedir } = [36mawait[0m [36mimport[0m([32m"node:os"[0m);
[31m[1m>[0m [90m10 |[0m     [36mconst[0m { join } = [36mawait[0m [36mimport[0m([32m"node:path"[0m);
  [90m   |[0m                            [31m[1m^^^^^^^^^^^^^^^^^^^[0m
  [90m11 |[0m     process.env.[33mZETA_CODING_AGENT_DIR[0m = join(homedir(), [32m".zeta"[0m, [32m"agent"[0m);
  [90m12 |[0m   }
  [90m13 |[0m

Ecmascript file had an error


⚠ ./instrumentation.ts:9:31
A Node.js module is loaded ('node:os' at line 9) which is not supported in the Edge Runtime.
    Learn More: https://nextjs.org/docs/messages/node-module-in-edge-runtime
  [90m 7 |[0m   [90m// the runtime default so file reads resolve even when unset.[0m
  [90m 8 |[0m   [36mif[0m (!process.env.[33mZETA_CODING_AGENT_DIR[0m) {
[31m[1m>[0m [90m 9 |[0m     [36mconst[0m { homedir } = [36mawait[0m [36mimport[0m([32m"node:os"[0m);
  [90m   |[0m                               [31m[1m^^^^^^^^^^^^^^^^^[0m
  [90m10 |[0m     [36mconst[0m { join } = [36mawait[0m [36mimport[0m([32m"node:path"[0m);
  [90m11 |[0m     process.env.[33mZETA_CODING_AGENT_DIR[0m = join(homedir(), [32m".zeta"[0m, [32m"agent"[0m);
  [90m12 |[0m   }

Ecmascript file had an error


⚠ ./instrumentation.ts:10:28
A Node.js module is loaded ('node:path' at line 10) which is not supported in the Edge Runtime.
    Learn More: https://nextjs.org/docs/messages/node-module-in-edge-runtime
  [90m 8 |[0m   [36mif[0m (!process.env.[33mZETA_CODING_AGENT_DIR[0m) {
  [90m 9 |[0m     [36mconst[0m { homedir } = [36mawait[0m [36mimport[0m([32m"node:os"[0m);
[31m[1m>[0m [90m10 |[0m     [36mconst[0m { join } = [36mawait[0m [36mimport[0m([32m"node:path"[0m);
  [90m   |[0m                            [31m[1m^^^^^^^^^^^^^^^^^^^[0m
  [90m11 |[0m     process.env.[33mZETA_CODING_AGENT_DIR[0m = join(homedir(), [32m".zeta"[0m, [32m"agent"[0m);
  [90m12 |[0m   }
  [90m13 |[0m

Ecmascript file had an error


⚠ ./instrumentation.ts:9:31
A Node.js module is loaded ('node:os' at line 9) which is not supported in the Edge Runtime.
    Learn More: https://nextjs.org/docs/messages/node-module-in-edge-runtime
  [90m 7 |[0m   [90m// the runtime default so file reads resolve even when unset.[0m
  [90m 8 |[0m   [36mif[0m (!process.env.[33mZETA_CODING_AGENT_DIR[0m) {
[31m[1m>[0m [90m 9 |[0m     [36mconst[0m { homedir } = [36mawait[0m [36mimport[0m([32m"node:os"[0m);
  [90m   |[0m                               [31m[1m^^^^^^^^^^^^^^^^^[0m
  [90m10 |[0m     [36mconst[0m { join } = [36mawait[0m [36mimport[0m([32m"node:path"[0m);
  [90m11 |[0m     process.env.[33mZETA_CODING_AGENT_DIR[0m = join(homedir(), [32m".zeta"[0m, [32m"agent"[0m);
  [90m12 |[0m   }

Ecmascript file had an error


⚠ ./instrumentation.ts:10:28
A Node.js module is loaded ('node:path' at line 10) which is not supported in the Edge Runtime.
    Learn More: https://nextjs.org/docs/messages/node-module-in-edge-runtime
  [90m 8 |[0m   [36mif[0m (!process.env.[33mZETA_CODING_AGENT_DIR[0m) {
  [90m 9 |[0m     [36mconst[0m { homedir } = [36mawait[0m [36mimport[0m([32m"node:os"[0m);
[31m[1m>[0m [90m10 |[0m     [36mconst[0m { join } = [36mawait[0m [36mimport[0m([32m"node:path"[0m);
  [90m   |[0m                            [31m[1m^^^^^^^^^^^^^^^^^^^[0m
  [90m11 |[0m     process.env.[33mZETA_CODING_AGENT_DIR[0m = join(homedir(), [32m".zeta"[0m, [32m"agent"[0m);
  [90m12 |[0m   }
  [90m13 |[0m

Ecmascript file had an error


